atari/basketball_pong_v2: API Test: api_test() got an unexpected keyword argument 'render'
atari/boxing_v1: API Test: api_test() got an unexpected keyword argument 'render'
atari/combat_tank_v1: API Test: api_test() got an unexpected keyword argument 'render'
atari/combat_plane_v1: API Test: api_test() got an unexpected keyword argument 'render'
atari/double_dunk_v2: API Test: api_test() got an unexpected keyword argument 'render'
atari/entombed_cooperative_v2: API Test: api_test() got an unexpected keyword argument 'render'
atari/entombed_competitive_v2: API Test: api_test() got an unexpected keyword argument 'render'
atari/flag_capture_v1: API Test: api_test() got an unexpected keyword argument 'render'
atari/foozpong_v2: API Test: api_test() got an unexpected keyword argument 'render'
atari/joust_v2: API Test: api_test() got an unexpected keyword argument 'render'
atari/ice_hockey_v1: API Test: api_test() got an unexpected keyword argument 'render'
atari/maze_craze_v2: API Test: api_test() got an unexpected keyword argument 'render'
atari/mario_bros_v2: API Test: api_test() got an unexpected keyword argument 'render'
atari/othello_v2: API Test: api_test() got an unexpected keyword argument 'render'
atari/pong_v2: API Test: api_test() got an unexpected keyword argument 'render'
atari/quadrapong_v3: API Test: api_test() got an unexpected keyword argument 'render'
atari/space_invaders_v1: API Test: api_test() got an unexpected keyword argument 'render'
atari/space_war_v1: API Test: api_test() got an unexpected keyword argument 'render'
atari/surround_v1: API Test: api_test() got an unexpected keyword argument 'render'
atari/tennis_v2: API Test: api_test() got an unexpected keyword argument 'render'
atari/video_checkers_v3: API Test: api_test() got an unexpected keyword argument 'render'
atari/volleyball_pong_v2: API Test: api_test() got an unexpected keyword argument 'render'
atari/wizard_of_wor_v2: API Test: api_test() got an unexpected keyword argument 'render'
atari/warlords_v2: API Test: api_test() got an unexpected keyword argument 'render'
